[INFO] Scanning for projects...
[INFO] 
[INFO] ---------------------< com.teacup:teacup-ai-agent >---------------------
[INFO] Building teacup-ai-agent 0.0.1-SNAPSHOT
[INFO] --------------------------------[ jar ]---------------------------------
[WARNING] The POM for com.google.protobuf:protobuf-java-util:jar:3.22.1 is invalid, transitive dependencies (if any) will not be available, enable debug logging for more details
[INFO] 
[INFO] --- maven-clean-plugin:3.4.1:clean (default-clean) @ teacup-ai-agent ---
[INFO] Deleting D:\teacup-ai-agent\target
[INFO] 
[INFO] --- maven-resources-plugin:3.3.1:resources (default-resources) @ teacup-ai-agent ---
[INFO] Copying 2 resources from src\main\resources to target\classes
[INFO] Copying 0 resource from src\main\resources to target\classes
[INFO] 
[INFO] --- maven-compiler-plugin:3.14.1:compile (default-compile) @ teacup-ai-agent ---
[INFO] Recompiling the module because of changed source code.
[INFO] Compiling 6 source files with javac [debug parameters release 17] to target\classes
[WARNING] /D:/teacup-ai-agent/src/main/java/com/teacup/teacupaiagent/advisor/MyLoggerAdvisor.java:[9,1] Field 'log' already exists.
[WARNING] /D:/teacup-ai-agent/src/main/java/com/teacup/teacupaiagent/app/WorkApp.java:[20,1] Field 'log' already exists.
[INFO] 
[INFO] --- maven-resources-plugin:3.3.1:testResources (default-testResources) @ teacup-ai-agent ---
[INFO] skip non existing resourceDirectory D:\teacup-ai-agent\src\test\resources
[INFO] 
[INFO] --- maven-compiler-plugin:3.14.1:testCompile (default-testCompile) @ teacup-ai-agent ---
[INFO] Recompiling the module because of changed dependency.
[INFO] Compiling 2 source files with javac [debug parameters release 17] to target\test-classes
[INFO] -------------------------------------------------------------
[ERROR] COMPILATION ERROR : 
[INFO] -------------------------------------------------------------
[ERROR] /D:/teacup-ai-agent/src/test/java/com/teacup/teacupaiagent/demo/invoke/SpringAiAiInvokeTest.java:[33,55] 找不到符号
  符号:   方法 getContent()
  位置: 类 org.springframework.ai.chat.messages.AssistantMessage
[ERROR] /D:/teacup-ai-agent/src/test/java/com/teacup/teacupaiagent/demo/invoke/SpringAiAiInvokeTest.java:[34,53] 找不到符号
  符号:   方法 getContent()
  位置: 类 org.springframework.ai.chat.messages.AssistantMessage
[ERROR] /D:/teacup-ai-agent/src/test/java/com/teacup/teacupaiagent/demo/invoke/SpringAiAiInvokeTest.java:[36,78] 找不到符号
  符号:   方法 getContent()
  位置: 类 org.springframework.ai.chat.messages.AssistantMessage
[INFO] 3 errors 
[INFO] -------------------------------------------------------------
[INFO] ------------------------------------------------------------------------
[INFO] BUILD FAILURE
[INFO] ------------------------------------------------------------------------
[INFO] Total time:  27.037 s
[INFO] Finished at: 2026-03-21T19:16:20+08:00
[INFO] ------------------------------------------------------------------------
[ERROR] Failed to execute goal org.apache.maven.plugins:maven-compiler-plugin:3.14.1:testCompile (default-testCompile) on project teacup-ai-agent: Compilation failure: Compilation failure: 
[ERROR] /D:/teacup-ai-agent/src/test/java/com/teacup/teacupaiagent/demo/invoke/SpringAiAiInvokeTest.java:[33,55] 找不到符号
[ERROR]   符号:   方法 getContent()
[ERROR]   位置: 类 org.springframework.ai.chat.messages.AssistantMessage
[ERROR] /D:/teacup-ai-agent/src/test/java/com/teacup/teacupaiagent/demo/invoke/SpringAiAiInvokeTest.java:[34,53] 找不到符号
[ERROR]   符号:   方法 getContent()
[ERROR]   位置: 类 org.springframework.ai.chat.messages.AssistantMessage
[ERROR] /D:/teacup-ai-agent/src/test/java/com/teacup/teacupaiagent/demo/invoke/SpringAiAiInvokeTest.java:[36,78] 找不到符号
[ERROR]   符号:   方法 getContent()
[ERROR]   位置: 类 org.springframework.ai.chat.messages.AssistantMessage
[ERROR] -> [Help 1]
[ERROR] 
[ERROR] To see the full stack trace of the errors, re-run Maven with the -e switch.
[ERROR] Re-run Maven using the -X switch to enable full debug logging.
[ERROR] 
[ERROR] For more information about the errors and possible solutions, please read the following articles:
[ERROR] [Help 1] http://cwiki.apache.org/confluence/display/MAVEN/MojoFailureException
